-- start_matchsubs
-- m/ERROR:  tuple concurrently updated \(heapam\.c\:\d+\)/
-- s/\(heapam\.c:\d+\)//
-- end_matchsubs
CREATE EXTENSION dblink;
CREATE

-- This function execute commands N times.
-- % in command will be replaced by number specified by range1 sequentially
-- # in command will be replaced by number specified by range2 randomly
-- range, eg: 1-10
-- Notice: now it only support SELECT statement return single integer
CREATE or replace FUNCTION exec_commands_n /*in func*/ (dl_name text, command1 text, /*in func*/ command2 text, command3 text, /*in func*/ times integer, range1 text, range2 text, fail_on_error bool) /*in func*/ RETURNS integer AS $$ /*in func*/ DECLARE /*in func*/ cmd text; /*in func*/ res int; /*in func*/ s_r1 int; /*in func*/ e_r1 int; /*in func*/ s_r2 int; /*in func*/ e_r2 int; /*in func*/ BEGIN /*in func*/ s_r1 = 0; /*in func*/ e_r1 = 0; /*in func*/ s_r2 = 0; /*in func*/ e_r2 = 0; /*in func*/ IF length(range1) > 0 THEN /*in func*/ select t[1]::int, t[2]::int into s_r1, e_r1 from regexp_split_to_array(range1, '-') t; /*in func*/ END IF; /*in func*/ IF length(range2) > 0 THEN /*in func*/ select t[1]::int, t[2]::int into s_r2, e_r2 from regexp_split_to_array(range2, '-') t; /*in func*/ END IF; /*in func*/ FOR i IN 0..(times - 1) LOOP /*in func*/ IF length(command1) > 0 THEN /*in func*/ cmd = regexp_replace(command1, '%', (s_r1 + i % (e_r1 - s_r1 + 1))::text, 'g'); /*in func*/ cmd = regexp_replace(cmd, '#', (s_r2 + ((random()*100)::int) % (e_r2 - s_r2 + 1))::text, 'g'); /*in func*/ RAISE NOTICE '%', cmd; /*in func*/ IF lower(cmd) like 'select %' THEN /*in func*/ select * into res from dblink(dl_name, cmd, fail_on_error) t(c1 integer); /*in func*/ ELSE /*in func*/ perform dblink_exec(dl_name, cmd , fail_on_error); /*in func*/ END IF; /*in func*/ END IF; /*in func*/ IF length(command2) > 0 THEN /*in func*/ cmd = regexp_replace(command2, '%', (s_r1 + i % (e_r1 - s_r1 + 1))::text, 'g'); /*in func*/ cmd = regexp_replace(cmd, '#', (s_r2 + ((random()*100)::int) % (e_r2 - s_r2 + 1))::text, 'g'); /*in func*/ RAISE NOTICE '%', cmd; /*in func*/ IF lower(cmd) like 'select %' THEN /*in func*/ select * into res from dblink(dl_name, cmd, fail_on_error) t(c1 integer); /*in func*/ ELSE /*in func*/ perform dblink_exec(dl_name, cmd, fail_on_error); /*in func*/ END IF; /*in func*/ END IF; /*in func*/ IF length(command3) > 0 THEN /*in func*/ cmd = regexp_replace(command3, '%', (s_r1 + i % (e_r1 - s_r1 + 1))::text, 'g'); /*in func*/ cmd = regexp_replace(cmd, '#', (s_r2 + ((random()*100)::int) % (e_r2 - s_r2 + 1))::text, 'g'); /*in func*/ RAISE NOTICE '%', cmd; /*in func*/ IF lower(cmd) like 'select %' THEN /*in func*/ select * into res from dblink(dl_name, cmd, fail_on_error) t(c1 integer); /*in func*/ ELSE /*in func*/ perform dblink_exec(dl_name, cmd, fail_on_error); /*in func*/ END IF; /*in func*/ END IF; /*in func*/ END LOOP; /*in func*/ return times; /*in func*/ END;$$ /*in func*/ LANGUAGE 'plpgsql';
CREATE

--
-- DDLs vs DDLs
--
1:select dblink_connect('dblink_rg_test1', 'dbname=isolation2resgrouptest');
 dblink_connect 
----------------
 OK             
(1 row)
2:select dblink_connect('dblink_rg_test2', 'dbname=isolation2resgrouptest');
 dblink_connect 
----------------
 OK             
(1 row)
3:select dblink_connect('dblink_rg_test3', 'dbname=isolation2resgrouptest');
 dblink_connect 
----------------
 OK             
(1 row)
4:select dblink_connect('dblink_rg_test4', 'dbname=isolation2resgrouptest');
 dblink_connect 
----------------
 OK             
(1 row)
5:select dblink_connect('dblink_rg_test5', 'dbname=isolation2resgrouptest');
 dblink_connect 
----------------
 OK             
(1 row)
6:select dblink_connect('dblink_rg_test6', 'dbname=isolation2resgrouptest');
 dblink_connect 
----------------
 OK             
(1 row)

1>:select exec_commands_n('dblink_rg_test1','CREATE RESOURCE GROUP rg_test_g# WITH (concurrency=#, cpu_rate_limit=#, memory_limit=#)', 'DROP RESOURCE GROUP rg_test_g#', 'ALTER RESOURCE GROUP rg_test_g# set concurrency #', 60, '', '1-6', false);  <waiting ...>
2>:select exec_commands_n('dblink_rg_test2','CREATE RESOURCE GROUP rg_test_g# WITH (concurrency=#, cpu_rate_limit=#, memory_limit=#)', 'DROP RESOURCE GROUP rg_test_g#', 'ALTER RESOURCE GROUP rg_test_g# set concurrency#', 60, '', '1-6', false);  <waiting ...>
3>:select exec_commands_n('dblink_rg_test3','CREATE RESOURCE GROUP rg_test_g# WITH (concurrency=#, cpu_rate_limit=#, memory_limit=#)', 'DROP RESOURCE GROUP rg_test_g#', 'ALTER RESOURCE GROUP rg_test_g# set cpu_rate_limit #', 60, '', '1-6', false);  <waiting ...>
4>:select exec_commands_n('dblink_rg_test4','CREATE RESOURCE GROUP rg_test_g# WITH (concurrency=#, cpu_rate_limit=#, memory_limit=#)', 'DROP RESOURCE GROUP rg_test_g#', 'ALTER RESOURCE GROUP rg_test_g# set memory_limit #', 60, '', '1-6', false);  <waiting ...>
5>:select exec_commands_n('dblink_rg_test5','CREATE RESOURCE GROUP rg_test_g# WITH (concurrency=#, cpu_rate_limit=#, memory_limit=#)', 'DROP RESOURCE GROUP rg_test_g#', 'ALTER RESOURCE GROUP rg_test_g# set memory_shared_quota #', 60, '', '1-6', false);  <waiting ...>
6>:select exec_commands_n('dblink_rg_test6','CREATE RESOURCE GROUP rg_test_g# WITH (concurrency=#, cpu_rate_limit=#, memory_limit=#)', 'DROP RESOURCE GROUP rg_test_g#', 'ALTER RESOURCE GROUP rg_test_g# set memory_limit #', 60, '', '1-6', false);  <waiting ...>

1<:  <... completed>
 exec_commands_n 
-----------------
 60              
(1 row)
2<:  <... completed>
 exec_commands_n 
-----------------
 60              
(1 row)
3<:  <... completed>
 exec_commands_n 
-----------------
 60              
(1 row)
4<:  <... completed>
 exec_commands_n 
-----------------
 60              
(1 row)
5<:  <... completed>
 exec_commands_n 
-----------------
 60              
(1 row)
6<:  <... completed>
 exec_commands_n 
-----------------
 60              
(1 row)

1: select dblink_disconnect('dblink_rg_test1');
 dblink_disconnect 
-------------------
 OK                
(1 row)
2: select dblink_disconnect('dblink_rg_test2');
 dblink_disconnect 
-------------------
 OK                
(1 row)
3: select dblink_disconnect('dblink_rg_test3');
 dblink_disconnect 
-------------------
 OK                
(1 row)
4: select dblink_disconnect('dblink_rg_test4');
 dblink_disconnect 
-------------------
 OK                
(1 row)
5: select dblink_disconnect('dblink_rg_test5');
 dblink_disconnect 
-------------------
 OK                
(1 row)
6: select dblink_disconnect('dblink_rg_test6');
 dblink_disconnect 
-------------------
 OK                
(1 row)


1q: ... <quitting>
2q: ... <quitting>
3q: ... <quitting>
4q: ... <quitting>
5q: ... <quitting>
6q: ... <quitting>
--
-- DDLs vs DMLs
--
-- Prepare resource groups and roles and tables
create table rg_test_foo as select i as c1, i as c2 from generate_series(1,1000) i;
CREATE 1000
create table rg_test_bar as select i as c1, i as c2 from generate_series(1,1000) i;
CREATE 1000
grant all on rg_test_foo to public;
GRANT
grant all on rg_test_bar to public;
GRANT

-- start_ignore
select dblink_connect('dblink_rg_test', 'dbname=isolation2resgrouptest');
 dblink_connect 
----------------
 OK             
(1 row)
select exec_commands_n('dblink_rg_test','DROP ROLE rg_test_r%', '', '', 7, '1-7', '', false);
 exec_commands_n 
-----------------
 7               
(1 row)
select exec_commands_n('dblink_rg_test','DROP RESOURCE GROUP rg_test_g%', '', '', 7, '1-7', '', false);
 exec_commands_n 
-----------------
 7               
(1 row)
-- end_ignore

-- create 6 roles and 6 resource groups
select exec_commands_n('dblink_rg_test','CREATE RESOURCE GROUP rg_test_g% WITH (concurrency=9, cpu_rate_limit=1, memory_limit=7)', '', '', 6, '1-6', '', true);
 exec_commands_n 
-----------------
 6               
(1 row)
select exec_commands_n('dblink_rg_test','CREATE ROLE rg_test_r% login resource group rg_test_g%;', '', '', 6, '1-6', '', true);
 exec_commands_n 
-----------------
 6               
(1 row)
select exec_commands_n('dblink_rg_test','GRANT ALL ON rg_test_foo to rg_test_r%;', '', '', 6, '1-6', '',  true);
 exec_commands_n 
-----------------
 6               
(1 row)
select exec_commands_n('dblink_rg_test','GRANT ALL ON rg_test_bar to rg_test_r%;', '', '', 6, '1-6', '', true);
 exec_commands_n 
-----------------
 6               
(1 row)

select dblink_disconnect('dblink_rg_test');
 dblink_disconnect 
-------------------
 OK                
(1 row)

select groupname, concurrency, cpu_rate_limit from gp_toolkit.gp_resgroup_config where groupname like 'rg_test_g%' order by groupname;
 groupname  | concurrency | cpu_rate_limit 
------------+-------------+----------------
 rg_test_g1 | 9           | 1              
 rg_test_g2 | 9           | 1              
 rg_test_g3 | 9           | 1              
 rg_test_g4 | 9           | 1              
 rg_test_g5 | 9           | 1              
 rg_test_g6 | 9           | 1              
(6 rows)

--
-- 2* : DMLs
--
-- start 6 session to concurrently change resource group and run simple queries randomly
-- BEGIN/END
21: select dblink_connect('dblink_rg_test21', 'dbname=isolation2resgrouptest');
 dblink_connect 
----------------
 OK             
(1 row)
21>: select exec_commands_n('dblink_rg_test21', 'set role rg_test_r#', 'BEGIN', 'END', 24000, '', '1-6', true);  <waiting ...>
-- BEGIN/ABORT
22: select dblink_connect('dblink_rg_test22', 'dbname=isolation2resgrouptest');
 dblink_connect 
----------------
 OK             
(1 row)
22>: select exec_commands_n('dblink_rg_test22', 'set role rg_test_r#', 'BEGIN', 'ABORT', 24000, '', '1-6', true);  <waiting ...>
-- query with memory sensitive node
23: select dblink_connect('dblink_rg_test23', 'dbname=isolation2resgrouptest');
 dblink_connect 
----------------
 OK             
(1 row)
23>: select exec_commands_n('dblink_rg_test23', 'set role rg_test_r#', 'insert into rg_test_foo values (#, #)', 'select count(*) from rg_test_bar t1, rg_test_foo t2 where t1.c2=t2.c2 group by t1.c2', 3000, '', '1-6', true);  <waiting ...>
-- high cpu
24: select dblink_connect('dblink_rg_test24', 'dbname=isolation2resgrouptest');
 dblink_connect 
----------------
 OK             
(1 row)
24>: select exec_commands_n('dblink_rg_test24', 'set role rg_test_r#', 'insert into rg_test_bar values (#, #)', 'select count(*) from rg_test_bar where c2! = 1000', 60, '', '1-6', true);  <waiting ...>
-- simple select
25: select dblink_connect('dblink_rg_test25', 'dbname=isolation2resgrouptest');
 dblink_connect 
----------------
 OK             
(1 row)
25>: select exec_commands_n('dblink_rg_test25', 'set role rg_test_r#', 'select count(*) from rg_test_foo', 'select count(*) from rg_test_bar', 6000, '', '1-6', true);  <waiting ...>
-- vacuum
26: select dblink_connect('dblink_rg_test26', 'dbname=isolation2resgrouptest');
 dblink_connect 
----------------
 OK             
(1 row)
26>: select exec_commands_n('dblink_rg_test26', 'set role rg_test_r#', 'vacuum rg_test_bar', 'vacuum rg_test_foo', 6000, '', '1-6', true);  <waiting ...>

--
-- 3* : Alter groups
--
-- start a new session to alter concurrency randomly
31: select dblink_connect('dblink_rg_test31', 'dbname=isolation2resgrouptest');
 dblink_connect 
----------------
 OK             
(1 row)
31>: select exec_commands_n('dblink_rg_test31', 'alter resource group rg_test_g% set concurrency #', 'select 1 from pg_sleep(0.1)', '', 1000, '1-6', '0-5', true);  <waiting ...>

-- start a new session to alter cpu_rate_limit randomly
32: select dblink_connect('dblink_rg_test32', 'dbname=isolation2resgrouptest');
 dblink_connect 
----------------
 OK             
(1 row)
32>: select exec_commands_n('dblink_rg_test32', 'alter resource group rg_test_g% set cpu_rate_limit #', 'select 1 from pg_sleep(0.1)', '', 1000, '1-6', '1-6', true);  <waiting ...>

-- start a new session to alter memory_limit randomly
33: select dblink_connect('dblink_rg_test33', 'dbname=isolation2resgrouptest');
 dblink_connect 
----------------
 OK             
(1 row)
33>: select exec_commands_n('dblink_rg_test33', 'alter resource group rg_test_g% set memory_limit #', 'select 1 from pg_sleep(0.1)', '', 1000, '1-6', '1-7', true);  <waiting ...>

-- start a new session to alter memory_shared_quota randomly
34: select dblink_connect('dblink_rg_test34', 'dbname=isolation2resgrouptest');
 dblink_connect 
----------------
 OK             
(1 row)
34>: select exec_commands_n('dblink_rg_test34', 'alter resource group rg_test_g% set memory_shared_quota #', 'select 1 from pg_sleep(0.1)', '', 1000, '1-6', '1-80', true);  <waiting ...>

--
-- 4* : CREATE/DROP tables & groups
--
-- start a new session to create and drop table, it will cause massive catchup interrupt.
41: select dblink_connect('dblink_rg_test41', 'dbname=isolation2resgrouptest');
 dblink_connect 
----------------
 OK             
(1 row)
41>: select exec_commands_n('dblink_rg_test41', 'drop table if exists rg_test_t%', 'create table rg_test_t% (c1 int, c2 int)' ,'', 3000, '1-6', '', true);  <waiting ...>

-- start a new session to create & drop resource group
42: select dblink_connect('dblink_rg_test42', 'dbname=isolation2resgrouptest');
 dblink_connect 
----------------
 OK             
(1 row)
42>: select exec_commands_n('dblink_rg_test42', 'create resource group rg_test_g7 with (cpu_rate_limit=1, memory_limit=1)', 'drop resource group rg_test_g7', '', 1000, '', '', true);  <waiting ...>

31<:  <... completed>
 exec_commands_n 
-----------------
 1000            
(1 row)
31: select exec_commands_n('dblink_rg_test31', 'alter resource group rg_test_g% set concurrency #', 'select 1 from pg_sleep(0.1)', '', 6, '1-6', '1-5', true);
 exec_commands_n 
-----------------
 6               
(1 row)

-- start a new session to acquire the status of resource groups
44: select dblink_connect('dblink_rg_test44', 'dbname=isolation2resgrouptest');
 dblink_connect 
----------------
 OK             
(1 row)
44>: select exec_commands_n('dblink_rg_test44', 'select count(*) from gp_toolkit.gp_resgroup_status;', '', '', 100, '', '', true);  <waiting ...>

-- wait all sessions to finish
21<:  <... completed>
 exec_commands_n 
-----------------
 24000           
(1 row)
22<:  <... completed>
 exec_commands_n 
-----------------
 24000           
(1 row)
23<:  <... completed>
 exec_commands_n 
-----------------
 3000            
(1 row)
24<:  <... completed>
 exec_commands_n 
-----------------
 60              
(1 row)
25<:  <... completed>
 exec_commands_n 
-----------------
 6000            
(1 row)
26<:  <... completed>
 exec_commands_n 
-----------------
 6000            
(1 row)
32<:  <... completed>
 exec_commands_n 
-----------------
 1000            
(1 row)
33<:  <... completed>
 exec_commands_n 
-----------------
 1000            
(1 row)
34<:  <... completed>
 exec_commands_n 
-----------------
 1000            
(1 row)
41<:  <... completed>
 exec_commands_n 
-----------------
 3000            
(1 row)
42<:  <... completed>
 exec_commands_n 
-----------------
 1000            
(1 row)
44<:  <... completed>
 exec_commands_n 
-----------------
 100             
(1 row)

21: select dblink_disconnect('dblink_rg_test21');
 dblink_disconnect 
-------------------
 OK                
(1 row)
22: select dblink_disconnect('dblink_rg_test22');
 dblink_disconnect 
-------------------
 OK                
(1 row)
23: select dblink_disconnect('dblink_rg_test23');
 dblink_disconnect 
-------------------
 OK                
(1 row)
24: select dblink_disconnect('dblink_rg_test24');
 dblink_disconnect 
-------------------
 OK                
(1 row)
25: select dblink_disconnect('dblink_rg_test25');
 dblink_disconnect 
-------------------
 OK                
(1 row)
26: select dblink_disconnect('dblink_rg_test26');
 dblink_disconnect 
-------------------
 OK                
(1 row)
31: select dblink_disconnect('dblink_rg_test31');
 dblink_disconnect 
-------------------
 OK                
(1 row)
32: select dblink_disconnect('dblink_rg_test32');
 dblink_disconnect 
-------------------
 OK                
(1 row)
33: select dblink_disconnect('dblink_rg_test33');
 dblink_disconnect 
-------------------
 OK                
(1 row)
34: select dblink_disconnect('dblink_rg_test34');
 dblink_disconnect 
-------------------
 OK                
(1 row)
41: select dblink_disconnect('dblink_rg_test41');
 dblink_disconnect 
-------------------
 OK                
(1 row)
42: select dblink_disconnect('dblink_rg_test42');
 dblink_disconnect 
-------------------
 OK                
(1 row)
44: select dblink_disconnect('dblink_rg_test44');
 dblink_disconnect 
-------------------
 OK                
(1 row)

21q: ... <quitting>
22q: ... <quitting>
23q: ... <quitting>
24q: ... <quitting>
25q: ... <quitting>
26q: ... <quitting>
31q: ... <quitting>
32q: ... <quitting>
33q: ... <quitting>
34q: ... <quitting>
41q: ... <quitting>
42q: ... <quitting>

select groupname, concurrency::int < 7, cpu_rate_limit::int < 7 from gp_toolkit.gp_resgroup_config where groupname like 'rg_test_g%' order by groupname;
 groupname  | ?column? | ?column? 
------------+----------+----------
 rg_test_g1 | t        | t        
 rg_test_g2 | t        | t        
 rg_test_g3 | t        | t        
 rg_test_g4 | t        | t        
 rg_test_g5 | t        | t        
 rg_test_g6 | t        | t        
(6 rows)

-- Beacuse concurrency of each resource group is changed between 1..6, so the num_queued must be larger than 0
select num_queued > 0 from gp_toolkit.gp_resgroup_status where rsgname like 'rg_test_g%' order by rsgname;
 ?column? 
----------
 t        
 t        
 t        
 t        
 t        
 t        
(6 rows)

-- After all queries finished in each resource group, the memory_usage should be zero, no memory leak
with t_1 as ( select rsgname, row_to_json(json_each(memory_usage::json)) as j from gp_toolkit.gp_resgroup_status where rsgname like 'rg_test_g%' order by rsgname ) select rsgname, sum(((j->'value')->>'used')::int) from t_1 group by rsgname ;
 rsgname    | sum 
------------+-----
 rg_test_g1 | 0   
 rg_test_g2 | 0   
 rg_test_g3 | 0   
 rg_test_g4 | 0   
 rg_test_g5 | 0   
 rg_test_g6 | 0   
(6 rows)

-- start_ignore
drop table rg_test_foo;
DROP
drop table rg_test_bar;
DROP
select dblink_connect('dblink_rg_test', 'dbname=isolation2resgrouptest');
 dblink_connect 
----------------
 OK             
(1 row)
select exec_commands_n('dblink_rg_test','DROP ROLE rg_test_r%', '', '', 6, '1-6', '', true);
 exec_commands_n 
-----------------
 6               
(1 row)
select exec_commands_n('dblink_rg_test','DROP RESOURCE GROUP rg_test_g%', '', '', 6, '1-6', '', true);
 exec_commands_n 
-----------------
 6               
(1 row)
select dblink_disconnect('dblink_rg_test');
 dblink_disconnect 
-------------------
 OK                
(1 row)
-- end_ignore

--
-- 5*: Test connections in utility mode are not governed by resource group
--
create resource group rg_test_g8 with (concurrency= 1, cpu_rate_limit=1, memory_limit=1);
CREATE
create role rg_test_r8 login resource group rg_test_g8;
CREATE
51:select dblink_connect('dblink_rg_test51', 'dbname=isolation2resgrouptest user=rg_test_r8 options=''-c gp_session_role=utility''');
 dblink_connect 
----------------
 OK             
(1 row)
52:select dblink_connect('dblink_rg_test52', 'dbname=isolation2resgrouptest user=rg_test_r8 options=''-c gp_session_role=utility''');
 dblink_connect 
----------------
 OK             
(1 row)
53:select dblink_connect('dblink_rg_test53', 'dbname=isolation2resgrouptest user=rg_test_r8 options=''-c gp_session_role=utility''');
 dblink_connect 
----------------
 OK             
(1 row)

51>:select exec_commands_n('dblink_rg_test51', 'select 1', 'begin', 'end', 100, '', '', true);  <waiting ...>
51<:  <... completed>
 exec_commands_n 
-----------------
 100             
(1 row)
52>:select exec_commands_n('dblink_rg_test52', 'select 1', 'select 1', 'select 1', 100, '', '', true);  <waiting ...>
52<:  <... completed>
 exec_commands_n 
-----------------
 100             
(1 row)
53>:select exec_commands_n('dblink_rg_test53', 'select 1', 'begin', 'abort', 100, '', '', true);  <waiting ...>
53<:  <... completed>
 exec_commands_n 
-----------------
 100             
(1 row)

51: select dblink_disconnect('dblink_rg_test51');
 dblink_disconnect 
-------------------
 OK                
(1 row)
52: select dblink_disconnect('dblink_rg_test52');
 dblink_disconnect 
-------------------
 OK                
(1 row)
53: select dblink_disconnect('dblink_rg_test53');
 dblink_disconnect 
-------------------
 OK                
(1 row)

51q: ... <quitting>
52q: ... <quitting>
53q: ... <quitting>

-- num_executed and num_queued must be zero
select num_queued, num_executed from gp_toolkit.gp_resgroup_status where rsgname = 'rg_test_g8';
 num_queued | num_executed 
------------+--------------
 0          | 0            
(1 row)
drop role rg_test_r8;
DROP
drop resource group rg_test_g8;
DROP

-- clean up
select * from gp_toolkit.gp_resgroup_config;
 groupid | groupname     | concurrency | proposed_concurrency | cpu_rate_limit | memory_limit | proposed_memory_limit | memory_shared_quota | proposed_memory_shared_quota | memory_spill_ratio | proposed_memory_spill_ratio 
---------+---------------+-------------+----------------------+----------------+--------------+-----------------------+---------------------+------------------------------+--------------------+-----------------------------
 6437    | default_group | 20          | 20                   | 30             | 30           | 30                    | 50                  | 50                           | 20                 | 20                          
 6438    | admin_group   | 40          | 40                   | 10             | 10           | 10                    | 50                  | 50                           | 20                 | 20                          
(2 rows)
