-- start_ignore
drop resource group rg1;
drop resource group rg2;
-- end_ignore
