\c regression
DROP VIEW IF EXISTS minimal_view;
CREATE VIEW minimal_view AS SELECT 1;
